2026-04-12 17:52:32.099 [DEBUG] org.hibernate.SQL - set client_min_messages = WARNING
2026-04-12 17:52:32.102 [DEBUG] org.hibernate.SQL - alter table if exists users drop constraint if exists FKp56c1712k691lhsyewcssf40f
2026-04-12 17:52:32.105 [DEBUG] org.hibernate.SQL - drop table if exists books cascade
2026-04-12 17:52:32.107 [DEBUG] org.hibernate.SQL - drop table if exists roles cascade
2026-04-12 17:52:32.108 [DEBUG] org.hibernate.SQL - drop table if exists users cascade
2026-04-12 17:52:32.122 [DEBUG] org.hibernate.SQL - create table books (created_at date, price float(53), id bigint generated by default as identity, author VARCHAR(300), title VARCHAR(300), primary key (id))
2026-04-12 17:52:32.156 [DEBUG] org.hibernate.SQL - create table roles (id bigint generated by default as identity, role varchar(255), primary key (id))
2026-04-12 17:52:32.177 [DEBUG] org.hibernate.SQL - create table users (enabled boolean, role_id bigint, user_id bigint generated by default as identity, name varchar(200) not null unique, password varchar(255) not null, primary key (user_id))
2026-04-12 17:52:32.209 [DEBUG] org.hibernate.SQL - alter table if exists users add constraint FKp56c1712k691lhsyewcssf40f foreign key (role_id) references roles
2026-04-12 17:52:34.565 [DEBUG] org.hibernate.SQL - select r1_0.id,r1_0.role from roles r1_0 where r1_0.role=?
2026-04-12 17:52:34.633 [DEBUG] org.hibernate.SQL - select r1_0.id,r1_0.role from roles r1_0 where r1_0.role=?
2026-04-12 17:52:34.652 [DEBUG] org.hibernate.SQL - select u1_0.user_id,u1_0.enabled,u1_0.name,u1_0.password,u1_0.role_id from users u1_0 where u1_0.name=?
2026-04-12 17:52:34.895 [DEBUG] org.hibernate.SQL - insert into users (enabled,name,password,role_id) values (?,?,?,?)
2026-04-12 17:52:59.322 [DEBUG] org.hibernate.SQL - set client_min_messages = WARNING
2026-04-12 17:52:59.325 [DEBUG] org.hibernate.SQL - alter table if exists users drop constraint if exists FKp56c1712k691lhsyewcssf40f
2026-04-12 17:52:59.406 [DEBUG] org.hibernate.SQL - drop table if exists books cascade
2026-04-12 17:52:59.425 [DEBUG] org.hibernate.SQL - drop table if exists roles cascade
2026-04-12 17:52:59.437 [DEBUG] org.hibernate.SQL - drop table if exists users cascade
2026-04-12 17:53:27.207 [DEBUG] org.hibernate.SQL - set client_min_messages = WARNING
2026-04-12 17:53:27.209 [DEBUG] org.hibernate.SQL - alter table if exists users drop constraint if exists FKp56c1712k691lhsyewcssf40f
2026-04-12 17:53:27.211 [DEBUG] org.hibernate.SQL - drop table if exists books cascade
2026-04-12 17:53:27.211 [DEBUG] org.hibernate.SQL - drop table if exists roles cascade
2026-04-12 17:53:27.212 [DEBUG] org.hibernate.SQL - drop table if exists users cascade
2026-04-12 17:53:27.219 [DEBUG] org.hibernate.SQL - create table books (created_at date, price float(53), id bigint generated by default as identity, author VARCHAR(300), title VARCHAR(300), primary key (id))
2026-04-12 17:53:27.238 [DEBUG] org.hibernate.SQL - create table roles (id bigint generated by default as identity, role varchar(255), primary key (id))
2026-04-12 17:53:27.251 [DEBUG] org.hibernate.SQL - create table users (enabled boolean, role_id bigint, user_id bigint generated by default as identity, name varchar(200) not null unique, password varchar(255) not null, primary key (user_id))
2026-04-12 17:53:27.267 [DEBUG] org.hibernate.SQL - alter table if exists users add constraint FKp56c1712k691lhsyewcssf40f foreign key (role_id) references roles
2026-04-12 17:53:29.462 [DEBUG] org.hibernate.SQL - select r1_0.id,r1_0.role from roles r1_0 where r1_0.role=?
2026-04-12 17:53:29.510 [DEBUG] org.hibernate.SQL - select r1_0.id,r1_0.role from roles r1_0 where r1_0.role=?
2026-04-12 17:53:29.522 [DEBUG] org.hibernate.SQL - select u1_0.user_id,u1_0.enabled,u1_0.name,u1_0.password,u1_0.role_id from users u1_0 where u1_0.name=?
2026-04-12 17:53:29.667 [DEBUG] org.hibernate.SQL - insert into users (enabled,name,password,role_id) values (?,?,?,?)
2026-04-12 17:57:22.607 [DEBUG] org.hibernate.SQL - set client_min_messages = WARNING
2026-04-12 17:57:22.608 [DEBUG] org.hibernate.SQL - alter table if exists users drop constraint if exists FKp56c1712k691lhsyewcssf40f
2026-04-12 17:57:22.643 [DEBUG] org.hibernate.SQL - drop table if exists books cascade
2026-04-12 17:57:22.658 [DEBUG] org.hibernate.SQL - drop table if exists roles cascade
2026-04-12 17:57:22.664 [DEBUG] org.hibernate.SQL - drop table if exists users cascade
2026-04-12 17:57:44.784 [DEBUG] org.hibernate.SQL - set client_min_messages = WARNING
2026-04-12 17:57:44.787 [DEBUG] org.hibernate.SQL - alter table if exists users drop constraint if exists FKp56c1712k691lhsyewcssf40f
2026-04-12 17:57:44.789 [DEBUG] org.hibernate.SQL - drop table if exists books cascade
2026-04-12 17:57:44.791 [DEBUG] org.hibernate.SQL - drop table if exists roles cascade
2026-04-12 17:57:44.793 [DEBUG] org.hibernate.SQL - drop table if exists users cascade
2026-04-12 17:57:44.802 [DEBUG] org.hibernate.SQL - create table books (created_at date, price float(53), id bigint generated by default as identity, author VARCHAR(300), title VARCHAR(300), primary key (id))
2026-04-12 17:57:44.827 [DEBUG] org.hibernate.SQL - create table roles (id bigint generated by default as identity, role varchar(255), primary key (id))
2026-04-12 17:57:44.847 [DEBUG] org.hibernate.SQL - create table users (enabled boolean, role_id bigint, user_id bigint generated by default as identity, name varchar(200) not null unique, password varchar(255) not null, primary key (user_id))
2026-04-12 17:57:44.863 [DEBUG] org.hibernate.SQL - alter table if exists users add constraint FKp56c1712k691lhsyewcssf40f foreign key (role_id) references roles
2026-04-12 17:57:46.934 [DEBUG] org.hibernate.SQL - select r1_0.id,r1_0.role from roles r1_0 where r1_0.role=?
2026-04-12 17:57:46.971 [DEBUG] org.hibernate.SQL - select r1_0.id,r1_0.role from roles r1_0 where r1_0.role=?
2026-04-12 17:57:46.983 [DEBUG] org.hibernate.SQL - select u1_0.user_id,u1_0.enabled,u1_0.name,u1_0.password,u1_0.role_id from users u1_0 where u1_0.name=?
2026-04-12 17:57:47.125 [DEBUG] org.hibernate.SQL - insert into users (enabled,name,password,role_id) values (?,?,?,?)
2026-04-12 17:58:23.322 [DEBUG] org.hibernate.SQL - select u1_0.user_id,u1_0.enabled,u1_0.name,u1_0.password,u1_0.role_id from users u1_0 where u1_0.name=?
2026-04-12 17:58:23.340 [DEBUG] org.hibernate.SQL - select r1_0.id,r1_0.role from roles r1_0 where r1_0.id=?
2026-04-12 17:58:23.654 [DEBUG] org.hibernate.SQL - select b1_0.id,b1_0.author,b1_0.created_at,b1_0.price,b1_0.title from books b1_0
2026-04-12 17:59:02.031 [DEBUG] org.hibernate.SQL - select u1_0.user_id,u1_0.enabled,u1_0.name,u1_0.password,u1_0.role_id from users u1_0 where u1_0.name=?
2026-04-12 17:59:02.034 [DEBUG] org.hibernate.SQL - select r1_0.id,r1_0.role from roles r1_0 where r1_0.id=?
2026-04-12 17:59:02.277 [DEBUG] org.hibernate.SQL - insert into books (author,created_at,price,title) values (?,?,?,?)
2026-04-12 18:00:19.082 [DEBUG] org.hibernate.SQL - select u1_0.user_id,u1_0.enabled,u1_0.name,u1_0.password,u1_0.role_id from users u1_0 where u1_0.name=?
2026-04-12 18:00:19.084 [DEBUG] org.hibernate.SQL - select r1_0.id,r1_0.role from roles r1_0 where r1_0.id=?
2026-04-12 18:00:19.225 [DEBUG] org.hibernate.SQL - select b1_0.id,b1_0.author,b1_0.created_at,b1_0.price,b1_0.title from books b1_0 where b1_0.id=?
2026-04-12 18:00:19.237 [DEBUG] org.hibernate.SQL - update books set author=?,created_at=?,price=?,title=? where id=?
2026-04-12 18:06:22.587 [DEBUG] org.hibernate.SQL - select u1_0.user_id,u1_0.enabled,u1_0.name,u1_0.password,u1_0.role_id from users u1_0 where u1_0.name=?
2026-04-12 18:06:22.590 [DEBUG] org.hibernate.SQL - select r1_0.id,r1_0.role from roles r1_0 where r1_0.id=?
2026-04-12 18:06:22.770 [DEBUG] org.hibernate.SQL - select b1_0.id,b1_0.author,b1_0.created_at,b1_0.price,b1_0.title from books b1_0 where b1_0.id=?
2026-04-12 18:06:22.784 [DEBUG] org.hibernate.SQL - delete from books where id=?
2026-04-12 18:06:32.400 [DEBUG] org.hibernate.SQL - select u1_0.user_id,u1_0.enabled,u1_0.name,u1_0.password,u1_0.role_id from users u1_0 where u1_0.name=?
2026-04-12 18:06:32.404 [DEBUG] org.hibernate.SQL - select r1_0.id,r1_0.role from roles r1_0 where r1_0.id=?
2026-04-12 18:06:32.660 [DEBUG] org.hibernate.SQL - select b1_0.id,b1_0.author,b1_0.created_at,b1_0.price,b1_0.title from books b1_0 where b1_0.id=?
2026-04-12 18:06:47.871 [DEBUG] org.hibernate.SQL - select u1_0.user_id,u1_0.enabled,u1_0.name,u1_0.password,u1_0.role_id from users u1_0 where u1_0.name=?
2026-04-12 18:06:47.874 [DEBUG] org.hibernate.SQL - select r1_0.id,r1_0.role from roles r1_0 where r1_0.id=?
2026-04-12 18:06:48.012 [DEBUG] org.hibernate.SQL - select b1_0.id,b1_0.author,b1_0.created_at,b1_0.price,b1_0.title from books b1_0 where b1_0.id=?
2026-04-12 18:07:20.100 [DEBUG] org.hibernate.SQL - set client_min_messages = WARNING
2026-04-12 18:07:20.102 [DEBUG] org.hibernate.SQL - alter table if exists users drop constraint if exists FKp56c1712k691lhsyewcssf40f
2026-04-12 18:07:20.106 [DEBUG] org.hibernate.SQL - drop table if exists books cascade
2026-04-12 18:07:20.115 [DEBUG] org.hibernate.SQL - drop table if exists roles cascade
2026-04-12 18:07:20.120 [DEBUG] org.hibernate.SQL - drop table if exists users cascade
2026-04-12 18:35:26.177 [DEBUG] org.hibernate.SQL - set client_min_messages = WARNING
2026-04-12 18:35:26.182 [DEBUG] org.hibernate.SQL - alter table if exists users drop constraint if exists FKp56c1712k691lhsyewcssf40f
2026-04-12 18:35:26.185 [DEBUG] org.hibernate.SQL - drop table if exists books cascade
2026-04-12 18:35:26.187 [DEBUG] org.hibernate.SQL - drop table if exists roles cascade
2026-04-12 18:35:26.189 [DEBUG] org.hibernate.SQL - drop table if exists users cascade
2026-04-12 18:35:26.208 [DEBUG] org.hibernate.SQL - create table books (created_at date, price float(53), id bigint generated by default as identity, author VARCHAR(300), title VARCHAR(300), primary key (id))
2026-04-12 18:35:26.245 [DEBUG] org.hibernate.SQL - create table roles (id bigint generated by default as identity, role varchar(255), primary key (id))
2026-04-12 18:35:26.270 [DEBUG] org.hibernate.SQL - create table users (enabled boolean, role_id bigint, user_id bigint generated by default as identity, name varchar(200) not null unique, password varchar(255) not null, primary key (user_id))
2026-04-12 18:35:26.301 [DEBUG] org.hibernate.SQL - alter table if exists users add constraint FKp56c1712k691lhsyewcssf40f foreign key (role_id) references roles
2026-04-12 18:35:28.021 [DEBUG] org.hibernate.SQL - set client_min_messages = WARNING
2026-04-12 18:35:28.025 [DEBUG] org.hibernate.SQL - alter table if exists users drop constraint if exists FKp56c1712k691lhsyewcssf40f
2026-04-12 18:35:28.044 [DEBUG] org.hibernate.SQL - drop table if exists books cascade
2026-04-12 18:35:28.059 [DEBUG] org.hibernate.SQL - drop table if exists roles cascade
2026-04-12 18:35:28.071 [DEBUG] org.hibernate.SQL - drop table if exists users cascade
2026-04-12 18:35:28.098 [DEBUG] org.hibernate.SQL - create table books (created_at date, price float(53), id bigint generated by default as identity, author VARCHAR(300), title VARCHAR(300), primary key (id))
2026-04-12 18:35:28.134 [DEBUG] org.hibernate.SQL - create table roles (id bigint generated by default as identity, role varchar(255), primary key (id))
2026-04-12 18:35:28.160 [DEBUG] org.hibernate.SQL - create table users (enabled boolean, role_id bigint, user_id bigint generated by default as identity, name varchar(200) not null unique, password varchar(255) not null, primary key (user_id))
2026-04-12 18:35:28.197 [DEBUG] org.hibernate.SQL - alter table if exists users add constraint FKp56c1712k691lhsyewcssf40f foreign key (role_id) references roles
2026-04-12 18:35:29.651 [DEBUG] org.hibernate.SQL - select r1_0.id,r1_0.role from roles r1_0 where r1_0.role=?
2026-04-12 18:35:29.723 [DEBUG] org.hibernate.SQL - select r1_0.id,r1_0.role from roles r1_0 where r1_0.role=?
2026-04-12 18:35:29.744 [DEBUG] org.hibernate.SQL - select u1_0.user_id,u1_0.enabled,u1_0.name,u1_0.password,u1_0.role_id from users u1_0 where u1_0.name=?
2026-04-12 18:35:29.940 [DEBUG] org.hibernate.SQL - insert into users (enabled,name,password,role_id) values (?,?,?,?)
2026-04-12 18:35:30.138 [DEBUG] org.hibernate.SQL - set client_min_messages = WARNING
2026-04-12 18:35:30.139 [DEBUG] org.hibernate.SQL - alter table if exists users drop constraint if exists FKp56c1712k691lhsyewcssf40f
2026-04-12 18:35:30.148 [DEBUG] org.hibernate.SQL - drop table if exists books cascade
2026-04-12 18:35:30.164 [DEBUG] org.hibernate.SQL - drop table if exists roles cascade
2026-04-12 18:35:30.177 [DEBUG] org.hibernate.SQL - drop table if exists users cascade
2026-04-12 18:36:00.413 [DEBUG] org.hibernate.SQL - select u1_0.user_id,u1_0.enabled,u1_0.name,u1_0.password,u1_0.role_id from users u1_0 where u1_0.name=?
2026-04-12 18:36:03.330 [DEBUG] org.hibernate.SQL - select u1_0.user_id,u1_0.enabled,u1_0.name,u1_0.password,u1_0.role_id from users u1_0 where u1_0.name=?
2026-04-12 18:36:19.899 [DEBUG] org.hibernate.SQL - select u1_0.user_id,u1_0.enabled,u1_0.name,u1_0.password,u1_0.role_id from users u1_0 where u1_0.name=?
2026-04-12 18:36:34.888 [DEBUG] org.hibernate.SQL - select u1_0.user_id,u1_0.enabled,u1_0.name,u1_0.password,u1_0.role_id from users u1_0 where u1_0.name=?
2026-04-12 18:41:18.636 [DEBUG] org.hibernate.SQL - select u1_0.user_id,u1_0.enabled,u1_0.name,u1_0.password,u1_0.role_id from users u1_0 where u1_0.name=?
2026-04-12 18:41:31.576 [DEBUG] org.hibernate.SQL - select u1_0.user_id,u1_0.enabled,u1_0.name,u1_0.password,u1_0.role_id from users u1_0 where u1_0.name=?
2026-04-12 18:41:38.139 [DEBUG] org.hibernate.SQL - select u1_0.user_id,u1_0.enabled,u1_0.name,u1_0.password,u1_0.role_id from users u1_0 where u1_0.name=?
2026-04-12 18:41:48.250 [DEBUG] org.hibernate.SQL - select u1_0.user_id,u1_0.enabled,u1_0.name,u1_0.password,u1_0.role_id from users u1_0 where u1_0.name=?
2026-04-12 18:42:38.032 [DEBUG] org.hibernate.SQL - set client_min_messages = WARNING
2026-04-12 18:42:38.034 [DEBUG] org.hibernate.SQL - alter table if exists users drop constraint if exists FKp56c1712k691lhsyewcssf40f
2026-04-12 18:42:38.035 [DEBUG] org.hibernate.SQL - drop table if exists books cascade
2026-04-12 18:42:38.037 [DEBUG] org.hibernate.SQL - drop table if exists roles cascade
2026-04-12 18:42:38.037 [DEBUG] org.hibernate.SQL - drop table if exists users cascade
2026-04-12 18:42:58.717 [DEBUG] org.hibernate.SQL - set client_min_messages = WARNING
2026-04-12 18:42:58.719 [DEBUG] org.hibernate.SQL - alter table if exists users drop constraint if exists FKp56c1712k691lhsyewcssf40f
2026-04-12 18:42:58.722 [DEBUG] org.hibernate.SQL - drop table if exists books cascade
2026-04-12 18:42:58.723 [DEBUG] org.hibernate.SQL - drop table if exists roles cascade
2026-04-12 18:42:58.725 [DEBUG] org.hibernate.SQL - drop table if exists users cascade
2026-04-12 18:42:58.739 [DEBUG] org.hibernate.SQL - create table books (created_at date, price float(53), id bigint generated by default as identity, author VARCHAR(300), title VARCHAR(300), primary key (id))
2026-04-12 18:42:58.757 [DEBUG] org.hibernate.SQL - create table roles (id bigint generated by default as identity, role varchar(255), primary key (id))
2026-04-12 18:42:58.774 [DEBUG] org.hibernate.SQL - create table users (enabled boolean, role_id bigint, user_id bigint generated by default as identity, name varchar(200) not null unique, password varchar(255) not null, primary key (user_id))
2026-04-12 18:42:58.796 [DEBUG] org.hibernate.SQL - alter table if exists users add constraint FKp56c1712k691lhsyewcssf40f foreign key (role_id) references roles
2026-04-12 18:43:00.681 [DEBUG] org.hibernate.SQL - select r1_0.id,r1_0.role from roles r1_0 where r1_0.role=?
2026-04-12 18:43:00.720 [DEBUG] org.hibernate.SQL - select r1_0.id,r1_0.role from roles r1_0 where r1_0.role=?
2026-04-12 18:43:00.732 [DEBUG] org.hibernate.SQL - select u1_0.user_id,u1_0.enabled,u1_0.name,u1_0.password,u1_0.role_id from users u1_0 where u1_0.name=?
2026-04-12 18:43:00.905 [DEBUG] org.hibernate.SQL - insert into users (enabled,name,password,role_id) values (?,?,?,?)
2026-04-12 18:43:09.629 [DEBUG] org.hibernate.SQL - select u1_0.user_id,u1_0.enabled,u1_0.name,u1_0.password,u1_0.role_id from users u1_0 where u1_0.name=?
2026-04-12 18:43:09.634 [DEBUG] org.hibernate.SQL - select r1_0.id,r1_0.role from roles r1_0 where r1_0.id=?
2026-04-12 18:43:09.854 [DEBUG] org.hibernate.SQL - select b1_0.id,b1_0.author,b1_0.created_at,b1_0.price,b1_0.title from books b1_0
2026-04-12 18:46:34.052 [DEBUG] org.hibernate.SQL - select u1_0.user_id,u1_0.enabled,u1_0.name,u1_0.password,u1_0.role_id from users u1_0 where u1_0.name=?
2026-04-12 18:46:34.053 [DEBUG] org.hibernate.SQL - select r1_0.id,r1_0.role from roles r1_0 where r1_0.id=?
2026-04-12 18:46:34.263 [DEBUG] org.hibernate.SQL - insert into books (author,created_at,price,title) values (?,?,?,?)
2026-04-12 18:48:07.030 [DEBUG] org.hibernate.SQL - select u1_0.user_id,u1_0.enabled,u1_0.name,u1_0.password,u1_0.role_id from users u1_0 where u1_0.name=?
2026-04-12 18:48:07.032 [DEBUG] org.hibernate.SQL - select r1_0.id,r1_0.role from roles r1_0 where r1_0.id=?
2026-04-12 18:48:07.157 [DEBUG] org.hibernate.SQL - select b1_0.id,b1_0.author,b1_0.created_at,b1_0.price,b1_0.title from books b1_0 where b1_0.id=?
2026-04-12 18:48:07.176 [DEBUG] org.hibernate.SQL - update books set author=?,created_at=?,price=?,title=? where id=?
2026-04-12 18:49:43.616 [DEBUG] org.hibernate.SQL - set client_min_messages = WARNING
2026-04-12 18:49:43.617 [DEBUG] org.hibernate.SQL - alter table if exists users drop constraint if exists FKp56c1712k691lhsyewcssf40f
2026-04-12 18:49:43.627 [DEBUG] org.hibernate.SQL - drop table if exists books cascade
2026-04-12 18:49:43.636 [DEBUG] org.hibernate.SQL - drop table if exists roles cascade
2026-04-12 18:49:43.642 [DEBUG] org.hibernate.SQL - drop table if exists users cascade
2026-04-12 18:53:57.796 [DEBUG] org.hibernate.SQL - set client_min_messages = WARNING
2026-04-12 18:53:57.798 [DEBUG] org.hibernate.SQL - alter table if exists users drop constraint if exists FKp56c1712k691lhsyewcssf40f
2026-04-12 18:53:57.799 [DEBUG] org.hibernate.SQL - drop table if exists books cascade
2026-04-12 18:53:57.800 [DEBUG] org.hibernate.SQL - drop table if exists roles cascade
2026-04-12 18:53:57.801 [DEBUG] org.hibernate.SQL - drop table if exists users cascade
2026-04-12 18:53:57.806 [DEBUG] org.hibernate.SQL - create table books (created_at date, price float(53), id bigint generated by default as identity, author VARCHAR(300), title VARCHAR(300), primary key (id))
2026-04-12 18:53:57.816 [DEBUG] org.hibernate.SQL - create table roles (id bigint generated by default as identity, role varchar(255), primary key (id))
2026-04-12 18:53:57.825 [DEBUG] org.hibernate.SQL - create table users (enabled boolean, role_id bigint, user_id bigint generated by default as identity, name varchar(200) not null unique, password varchar(255) not null, primary key (user_id))
2026-04-12 18:53:57.835 [DEBUG] org.hibernate.SQL - alter table if exists users add constraint FKp56c1712k691lhsyewcssf40f foreign key (role_id) references roles
2026-04-12 18:53:58.896 [DEBUG] org.hibernate.SQL - select r1_0.id,r1_0.role from roles r1_0 where r1_0.role=?
2026-04-12 18:53:58.920 [DEBUG] org.hibernate.SQL - select r1_0.id,r1_0.role from roles r1_0 where r1_0.role=?
2026-04-12 18:53:58.928 [DEBUG] org.hibernate.SQL - select u1_0.user_id,u1_0.enabled,u1_0.name,u1_0.password,u1_0.role_id from users u1_0 where u1_0.name=?
2026-04-12 18:53:59.016 [DEBUG] org.hibernate.SQL - insert into users (enabled,name,password,role_id) values (?,?,?,?)
2026-04-12 18:54:16.532 [DEBUG] org.hibernate.SQL - select u1_0.user_id,u1_0.enabled,u1_0.name,u1_0.password,u1_0.role_id from users u1_0 where u1_0.name=?
2026-04-12 18:54:16.538 [DEBUG] org.hibernate.SQL - select r1_0.id,r1_0.role from roles r1_0 where r1_0.id=?
2026-04-12 18:54:16.786 [DEBUG] org.hibernate.SQL - select b1_0.id,b1_0.author,b1_0.created_at,b1_0.price,b1_0.title from books b1_0 where b1_0.id=?
2026-04-12 18:54:16.796 [DEBUG] org.hibernate.SQL - update books set author=?,created_at=?,price=?,title=? where id=?
2026-04-12 18:56:50.823 [DEBUG] org.hibernate.SQL - set client_min_messages = WARNING
2026-04-12 18:56:50.823 [DEBUG] org.hibernate.SQL - alter table if exists users drop constraint if exists FKp56c1712k691lhsyewcssf40f
2026-04-12 18:56:50.827 [DEBUG] org.hibernate.SQL - drop table if exists books cascade
2026-04-12 18:56:50.833 [DEBUG] org.hibernate.SQL - drop table if exists roles cascade
2026-04-12 18:56:50.839 [DEBUG] org.hibernate.SQL - drop table if exists users cascade
2026-04-12 18:57:53.406 [DEBUG] org.hibernate.SQL - set client_min_messages = WARNING
2026-04-12 18:57:53.408 [DEBUG] org.hibernate.SQL - alter table if exists users drop constraint if exists FKp56c1712k691lhsyewcssf40f
2026-04-12 18:57:53.409 [DEBUG] org.hibernate.SQL - drop table if exists books cascade
2026-04-12 18:57:53.409 [DEBUG] org.hibernate.SQL - drop table if exists roles cascade
2026-04-12 18:57:53.410 [DEBUG] org.hibernate.SQL - drop table if exists users cascade
2026-04-12 18:57:53.415 [DEBUG] org.hibernate.SQL - create table books (created_at date, price float(53), id bigint generated by default as identity, author VARCHAR(300), title VARCHAR(300), primary key (id))
2026-04-12 18:57:53.426 [DEBUG] org.hibernate.SQL - create table roles (id bigint generated by default as identity, role varchar(255), primary key (id))
2026-04-12 18:57:53.432 [DEBUG] org.hibernate.SQL - create table users (enabled boolean, role_id bigint, user_id bigint generated by default as identity, name varchar(200) not null unique, password varchar(255) not null, primary key (user_id))
2026-04-12 18:57:53.442 [DEBUG] org.hibernate.SQL - alter table if exists users add constraint FKp56c1712k691lhsyewcssf40f foreign key (role_id) references roles
2026-04-12 18:57:54.540 [DEBUG] org.hibernate.SQL - select r1_0.id,r1_0.role from roles r1_0 where r1_0.role=?
2026-04-12 18:57:54.564 [DEBUG] org.hibernate.SQL - select r1_0.id,r1_0.role from roles r1_0 where r1_0.role=?
2026-04-12 18:57:54.571 [DEBUG] org.hibernate.SQL - select u1_0.user_id,u1_0.enabled,u1_0.name,u1_0.password,u1_0.role_id from users u1_0 where u1_0.name=?
2026-04-12 18:57:54.655 [DEBUG] org.hibernate.SQL - insert into users (enabled,name,password,role_id) values (?,?,?,?)
2026-04-12 18:58:04.648 [DEBUG] org.hibernate.SQL - select u1_0.user_id,u1_0.enabled,u1_0.name,u1_0.password,u1_0.role_id from users u1_0 where u1_0.name=?
2026-04-12 18:58:04.653 [DEBUG] org.hibernate.SQL - select r1_0.id,r1_0.role from roles r1_0 where r1_0.id=?
2026-04-12 18:58:04.902 [DEBUG] org.hibernate.SQL - select b1_0.id,b1_0.author,b1_0.created_at,b1_0.price,b1_0.title from books b1_0 where b1_0.id=?
2026-04-12 18:58:04.915 [DEBUG] org.hibernate.SQL - update books set author=?,created_at=?,price=?,title=? where id=?
2026-04-12 19:16:09.659 [DEBUG] org.hibernate.SQL - set client_min_messages = WARNING
2026-04-12 19:16:09.660 [DEBUG] org.hibernate.SQL - alter table if exists users drop constraint if exists FKp56c1712k691lhsyewcssf40f
2026-04-12 19:16:09.664 [DEBUG] org.hibernate.SQL - drop table if exists books cascade
2026-04-12 19:16:09.672 [DEBUG] org.hibernate.SQL - drop table if exists roles cascade
2026-04-12 19:16:09.676 [DEBUG] org.hibernate.SQL - drop table if exists users cascade
2026-04-12 19:16:29.608 [DEBUG] org.hibernate.SQL - set client_min_messages = WARNING
2026-04-12 19:16:29.609 [DEBUG] org.hibernate.SQL - alter table if exists users drop constraint if exists FKp56c1712k691lhsyewcssf40f
2026-04-12 19:16:29.610 [DEBUG] org.hibernate.SQL - drop table if exists books cascade
2026-04-12 19:16:29.611 [DEBUG] org.hibernate.SQL - drop table if exists roles cascade
2026-04-12 19:16:29.611 [DEBUG] org.hibernate.SQL - drop table if exists users cascade
2026-04-12 19:16:29.616 [DEBUG] org.hibernate.SQL - create table books (created_at date, price float(53), id bigint generated by default as identity, author VARCHAR(300), title VARCHAR(300), primary key (id))
2026-04-12 19:16:29.626 [DEBUG] org.hibernate.SQL - create table roles (id bigint generated by default as identity, role varchar(255), primary key (id))
2026-04-12 19:16:29.633 [DEBUG] org.hibernate.SQL - create table users (enabled boolean, role_id bigint, user_id bigint generated by default as identity, name varchar(200) not null unique, password varchar(255) not null, primary key (user_id))
2026-04-12 19:16:29.644 [DEBUG] org.hibernate.SQL - alter table if exists users add constraint FKp56c1712k691lhsyewcssf40f foreign key (role_id) references roles
2026-04-12 19:16:30.713 [DEBUG] org.hibernate.SQL - select r1_0.id,r1_0.role from roles r1_0 where r1_0.role=?
2026-04-12 19:16:30.737 [DEBUG] org.hibernate.SQL - select r1_0.id,r1_0.role from roles r1_0 where r1_0.role=?
2026-04-12 19:16:30.745 [DEBUG] org.hibernate.SQL - select u1_0.user_id,u1_0.enabled,u1_0.name,u1_0.password,u1_0.role_id from users u1_0 where u1_0.name=?
2026-04-12 19:16:30.836 [DEBUG] org.hibernate.SQL - insert into users (enabled,name,password,role_id) values (?,?,?,?)
2026-04-12 19:18:27.888 [DEBUG] org.hibernate.SQL - select u1_0.user_id,u1_0.enabled,u1_0.name,u1_0.password,u1_0.role_id from users u1_0 where u1_0.name=?
2026-04-12 19:18:27.893 [DEBUG] org.hibernate.SQL - select r1_0.id,r1_0.role from roles r1_0 where r1_0.id=?
2026-04-12 19:18:28.161 [DEBUG] org.hibernate.SQL - select b1_0.id,b1_0.author,b1_0.created_at,b1_0.price,b1_0.title from books b1_0 where b1_0.id=?
2026-04-12 19:18:28.173 [DEBUG] org.hibernate.SQL - update books set author=?,created_at=?,price=?,title=? where id=?
2026-04-12 19:18:53.096 [DEBUG] org.hibernate.SQL - select u1_0.user_id,u1_0.enabled,u1_0.name,u1_0.password,u1_0.role_id from users u1_0 where u1_0.name=?
2026-04-12 19:18:53.098 [DEBUG] org.hibernate.SQL - select r1_0.id,r1_0.role from roles r1_0 where r1_0.id=?
2026-04-12 19:18:53.205 [DEBUG] org.hibernate.SQL - select b1_0.id,b1_0.author,b1_0.created_at,b1_0.price,b1_0.title from books b1_0 where b1_0.id=?
2026-04-12 19:18:53.208 [DEBUG] org.hibernate.SQL - update books set author=?,created_at=?,price=?,title=? where id=?
2026-04-12 19:19:53.110 [DEBUG] org.hibernate.SQL - select u1_0.user_id,u1_0.enabled,u1_0.name,u1_0.password,u1_0.role_id from users u1_0 where u1_0.name=?
2026-04-12 19:19:53.112 [DEBUG] org.hibernate.SQL - select r1_0.id,r1_0.role from roles r1_0 where r1_0.id=?
2026-04-12 19:19:53.209 [DEBUG] org.hibernate.SQL - select b1_0.id,b1_0.author,b1_0.created_at,b1_0.price,b1_0.title from books b1_0 where b1_0.id=?
2026-04-12 19:19:53.212 [DEBUG] org.hibernate.SQL - update books set author=?,created_at=?,price=?,title=? where id=?
2026-04-12 19:20:23.223 [DEBUG] org.hibernate.SQL - select u1_0.user_id,u1_0.enabled,u1_0.name,u1_0.password,u1_0.role_id from users u1_0 where u1_0.name=?
2026-04-12 19:20:23.225 [DEBUG] org.hibernate.SQL - select r1_0.id,r1_0.role from roles r1_0 where r1_0.id=?
2026-04-12 19:20:23.319 [DEBUG] org.hibernate.SQL - select b1_0.id,b1_0.author,b1_0.created_at,b1_0.price,b1_0.title from books b1_0 where b1_0.id=?
2026-04-12 19:20:23.329 [DEBUG] org.hibernate.SQL - delete from books where id=?
2026-04-12 19:21:05.218 [DEBUG] org.hibernate.SQL - select u1_0.user_id,u1_0.enabled,u1_0.name,u1_0.password,u1_0.role_id from users u1_0 where u1_0.name=?
2026-04-12 19:21:05.220 [DEBUG] org.hibernate.SQL - select r1_0.id,r1_0.role from roles r1_0 where r1_0.id=?
2026-04-12 19:21:05.307 [DEBUG] org.hibernate.SQL - select b1_0.id,b1_0.author,b1_0.created_at,b1_0.price,b1_0.title from books b1_0 where b1_0.id=?
2026-04-12 19:22:20.810 [DEBUG] org.hibernate.SQL - select u1_0.user_id,u1_0.enabled,u1_0.name,u1_0.password,u1_0.role_id from users u1_0 where u1_0.name=?
2026-04-12 19:22:20.812 [DEBUG] org.hibernate.SQL - select r1_0.id,r1_0.role from roles r1_0 where r1_0.id=?
2026-04-12 19:22:20.904 [DEBUG] org.hibernate.SQL - select b1_0.id,b1_0.author,b1_0.created_at,b1_0.price,b1_0.title from books b1_0 where b1_0.id=?
2026-04-12 19:22:20.906 [DEBUG] org.hibernate.SQL - delete from books where id=?
2026-04-12 19:22:37.839 [DEBUG] org.hibernate.SQL - select u1_0.user_id,u1_0.enabled,u1_0.name,u1_0.password,u1_0.role_id from users u1_0 where u1_0.name=?
2026-04-12 19:22:37.841 [DEBUG] org.hibernate.SQL - select r1_0.id,r1_0.role from roles r1_0 where r1_0.id=?
2026-04-12 19:22:37.925 [DEBUG] org.hibernate.SQL - select b1_0.id,b1_0.author,b1_0.created_at,b1_0.price,b1_0.title from books b1_0 where b1_0.id=?
2026-04-12 19:22:40.737 [DEBUG] org.hibernate.SQL - select u1_0.user_id,u1_0.enabled,u1_0.name,u1_0.password,u1_0.role_id from users u1_0 where u1_0.name=?
2026-04-12 19:22:40.740 [DEBUG] org.hibernate.SQL - select r1_0.id,r1_0.role from roles r1_0 where r1_0.id=?
2026-04-12 19:22:40.845 [DEBUG] org.hibernate.SQL - select b1_0.id,b1_0.author,b1_0.created_at,b1_0.price,b1_0.title from books b1_0 where b1_0.id=?
2026-04-12 19:22:40.848 [DEBUG] org.hibernate.SQL - delete from books where id=?
2026-04-12 19:22:48.701 [DEBUG] org.hibernate.SQL - select u1_0.user_id,u1_0.enabled,u1_0.name,u1_0.password,u1_0.role_id from users u1_0 where u1_0.name=?
2026-04-12 19:22:48.703 [DEBUG] org.hibernate.SQL - select r1_0.id,r1_0.role from roles r1_0 where r1_0.id=?
2026-04-12 19:22:48.796 [DEBUG] org.hibernate.SQL - select b1_0.id,b1_0.author,b1_0.created_at,b1_0.price,b1_0.title from books b1_0 where b1_0.id=?
2026-04-12 19:22:51.131 [DEBUG] org.hibernate.SQL - set client_min_messages = WARNING
2026-04-12 19:22:51.132 [DEBUG] org.hibernate.SQL - alter table if exists users drop constraint if exists FKp56c1712k691lhsyewcssf40f
2026-04-12 19:22:51.140 [DEBUG] org.hibernate.SQL - drop table if exists books cascade
2026-04-12 19:22:51.146 [DEBUG] org.hibernate.SQL - drop table if exists roles cascade
2026-04-12 19:22:51.149 [DEBUG] org.hibernate.SQL - drop table if exists users cascade
2026-04-12 19:23:14.240 [DEBUG] org.hibernate.SQL - set client_min_messages = WARNING
2026-04-12 19:23:14.242 [DEBUG] org.hibernate.SQL - alter table if exists users drop constraint if exists FKp56c1712k691lhsyewcssf40f
2026-04-12 19:23:14.243 [DEBUG] org.hibernate.SQL - drop table if exists books cascade
2026-04-12 19:23:14.244 [DEBUG] org.hibernate.SQL - drop table if exists roles cascade
2026-04-12 19:23:14.244 [DEBUG] org.hibernate.SQL - drop table if exists users cascade
2026-04-12 19:23:14.252 [DEBUG] org.hibernate.SQL - create table books (created_at date, price float(53), id bigint generated by default as identity, author VARCHAR(300), title VARCHAR(300), primary key (id))
2026-04-12 19:23:14.264 [DEBUG] org.hibernate.SQL - create table roles (id bigint generated by default as identity, role varchar(255), primary key (id))
2026-04-12 19:23:14.275 [DEBUG] org.hibernate.SQL - create table users (enabled boolean, role_id bigint, user_id bigint generated by default as identity, name varchar(200) not null unique, password varchar(255) not null, primary key (user_id))
2026-04-12 19:23:14.284 [DEBUG] org.hibernate.SQL - alter table if exists users add constraint FKp56c1712k691lhsyewcssf40f foreign key (role_id) references roles
2026-04-12 19:23:15.379 [DEBUG] org.hibernate.SQL - select r1_0.id,r1_0.role from roles r1_0 where r1_0.role=?
2026-04-12 19:23:15.410 [DEBUG] org.hibernate.SQL - select r1_0.id,r1_0.role from roles r1_0 where r1_0.role=?
2026-04-12 19:23:15.420 [DEBUG] org.hibernate.SQL - select u1_0.user_id,u1_0.enabled,u1_0.name,u1_0.password,u1_0.role_id from users u1_0 where u1_0.name=?
2026-04-12 19:23:15.509 [DEBUG] org.hibernate.SQL - insert into users (enabled,name,password,role_id) values (?,?,?,?)
2026-04-12 19:23:26.760 [DEBUG] org.hibernate.SQL - select u1_0.user_id,u1_0.enabled,u1_0.name,u1_0.password,u1_0.role_id from users u1_0 where u1_0.name=?
2026-04-12 19:23:26.765 [DEBUG] org.hibernate.SQL - select r1_0.id,r1_0.role from roles r1_0 where r1_0.id=?
2026-04-12 19:23:26.928 [DEBUG] org.hibernate.SQL - select b1_0.id,b1_0.author,b1_0.created_at,b1_0.price,b1_0.title from books b1_0 where b1_0.id=?
2026-04-12 19:23:31.266 [DEBUG] org.hibernate.SQL - select u1_0.user_id,u1_0.enabled,u1_0.name,u1_0.password,u1_0.role_id from users u1_0 where u1_0.name=?
2026-04-12 19:23:31.268 [DEBUG] org.hibernate.SQL - select r1_0.id,r1_0.role from roles r1_0 where r1_0.id=?
2026-04-12 19:23:31.364 [DEBUG] org.hibernate.SQL - select b1_0.id,b1_0.author,b1_0.created_at,b1_0.price,b1_0.title from books b1_0 where b1_0.id=?
2026-04-12 19:24:23.810 [DEBUG] org.hibernate.SQL - select u1_0.user_id,u1_0.enabled,u1_0.name,u1_0.password,u1_0.role_id from users u1_0 where u1_0.name=?
2026-04-12 19:24:23.812 [DEBUG] org.hibernate.SQL - select r1_0.id,r1_0.role from roles r1_0 where r1_0.id=?
2026-04-12 19:24:23.907 [DEBUG] org.hibernate.SQL - select b1_0.id,b1_0.author,b1_0.created_at,b1_0.price,b1_0.title from books b1_0 where b1_0.id=?
2026-04-12 19:24:38.174 [DEBUG] org.hibernate.SQL - set client_min_messages = WARNING
2026-04-12 19:24:38.175 [DEBUG] org.hibernate.SQL - alter table if exists users drop constraint if exists FKp56c1712k691lhsyewcssf40f
2026-04-12 19:24:38.180 [DEBUG] org.hibernate.SQL - drop table if exists books cascade
2026-04-12 19:24:38.189 [DEBUG] org.hibernate.SQL - drop table if exists roles cascade
2026-04-12 19:24:38.192 [DEBUG] org.hibernate.SQL - drop table if exists users cascade
