2026-04-01 09:16:31.959 [INFO] m9.project.Library - Starting Library using Java 17.0.14 with PID 25812 (C:\Users\jiasanchez\Documents\Java\Git\PortableGit\M9_Project1\target\classes started by jiasanchez in C:\Users\jiasanchez\Documents\Java\Git\PortableGit\M9_Project1)
2026-04-01 09:16:31.964 [DEBUG] m9.project.Library - Running with Spring Boot v4.0.2, Spring v7.0.3
2026-04-01 09:16:31.966 [INFO] m9.project.Library - No active profile set, falling back to 1 default profile: "default"
2026-04-01 09:16:38.086 [DEBUG] org.hibernate.SQL - set client_min_messages = WARNING
2026-04-01 09:16:38.089 [DEBUG] org.hibernate.SQL - alter table if exists loans drop constraint if exists FKokwvlrv6o4i4h3le3bwhe6kie
2026-04-01 09:16:38.091 [DEBUG] org.hibernate.SQL - alter table if exists loans drop constraint if exists FK6xxlcjc0rqtn5nq28vjnx5t9d
2026-04-01 09:16:38.093 [DEBUG] org.hibernate.SQL - alter table if exists roles drop constraint if exists FK97mxvrajhkq19dmvboprimeg1
2026-04-01 09:16:38.095 [DEBUG] org.hibernate.SQL - drop table if exists books cascade
2026-04-01 09:16:38.096 [DEBUG] org.hibernate.SQL - drop table if exists loans cascade
2026-04-01 09:16:38.098 [DEBUG] org.hibernate.SQL - drop table if exists roles cascade
2026-04-01 09:16:38.099 [DEBUG] org.hibernate.SQL - drop table if exists users cascade
2026-04-01 09:16:38.117 [DEBUG] org.hibernate.SQL - create table books (is_available boolean, book_id bigint not null, author VARCHAR(300), title VARCHAR(300), primary key (book_id))
2026-04-01 09:16:38.157 [DEBUG] org.hibernate.SQL - create table loans (is_active boolean, book_id bigint, loan_id bigint generated by default as identity, user_id bigint, primary key (loan_id))
2026-04-01 09:16:38.181 [DEBUG] org.hibernate.SQL - create table roles (id bigint generated by default as identity, user_id bigint, role varchar(255), primary key (id))
2026-04-01 09:16:38.207 [DEBUG] org.hibernate.SQL - create table users (enabled boolean, user_id bigint generated by default as identity, name varchar(200) not null, password varchar(255) not null, primary key (user_id))
2026-04-01 09:16:38.234 [DEBUG] org.hibernate.SQL - alter table if exists loans add constraint FKokwvlrv6o4i4h3le3bwhe6kie foreign key (book_id) references books
2026-04-01 09:16:38.249 [DEBUG] org.hibernate.SQL - alter table if exists loans add constraint FK6xxlcjc0rqtn5nq28vjnx5t9d foreign key (user_id) references users
2026-04-01 09:16:38.258 [DEBUG] org.hibernate.SQL - alter table if exists roles add constraint FK97mxvrajhkq19dmvboprimeg1 foreign key (user_id) references users
2026-04-01 09:16:39.256 [INFO] m9.project.service.BookService - Initial Library Books successfully uploaded
2026-04-01 09:16:40.207 [INFO] m9.project.Library - Started Library in 8.727 seconds (process running for 10.149)
2026-04-01 09:16:40.364 [DEBUG] org.hibernate.SQL - insert into users (enabled,name,password) values (?,?,?)
2026-04-01 09:16:40.526 [DEBUG] org.hibernate.SQL - insert into users (enabled,name,password) values (?,?,?)
2026-04-01 09:16:40.533 [DEBUG] org.hibernate.SQL - insert into roles (role,user_id) values (?,?)
2026-04-01 09:16:40.540 [DEBUG] org.hibernate.SQL - insert into roles (role,user_id) values (?,?)
2026-04-01 09:19:04.845 [DEBUG] org.hibernate.SQL - set client_min_messages = WARNING
2026-04-01 09:19:04.846 [DEBUG] org.hibernate.SQL - alter table if exists loans drop constraint if exists FKokwvlrv6o4i4h3le3bwhe6kie
2026-04-01 09:19:04.869 [DEBUG] org.hibernate.SQL - alter table if exists loans drop constraint if exists FK6xxlcjc0rqtn5nq28vjnx5t9d
2026-04-01 09:19:04.873 [DEBUG] org.hibernate.SQL - alter table if exists roles drop constraint if exists FK97mxvrajhkq19dmvboprimeg1
2026-04-01 09:19:04.876 [DEBUG] org.hibernate.SQL - drop table if exists books cascade
2026-04-01 09:19:04.886 [DEBUG] org.hibernate.SQL - drop table if exists loans cascade
2026-04-01 09:19:04.896 [DEBUG] org.hibernate.SQL - drop table if exists roles cascade
2026-04-01 09:19:04.989 [DEBUG] org.hibernate.SQL - drop table if exists users cascade
