2026-04-01 09:54:19.178 [INFO] m9.project.Library - Starting Library using Java 17.0.14 with PID 32104 (C:\Users\jiasanchez\Documents\Java\Git\PortableGit\M9_Project1\target\classes started by jiasanchez in C:\Users\jiasanchez\Documents\Java\Git\PortableGit\M9_Project1)
2026-04-01 09:54:19.181 [DEBUG] m9.project.Library - Running with Spring Boot v4.0.2, Spring v7.0.3
2026-04-01 09:54:19.182 [INFO] m9.project.Library - No active profile set, falling back to 1 default profile: "default"
2026-04-01 09:54:21.675 [DEBUG] org.hibernate.SQL - set client_min_messages = WARNING
2026-04-01 09:54:21.676 [DEBUG] org.hibernate.SQL - alter table if exists loans drop constraint if exists FKokwvlrv6o4i4h3le3bwhe6kie
2026-04-01 09:54:21.680 [DEBUG] org.hibernate.SQL - alter table if exists loans drop constraint if exists FK6xxlcjc0rqtn5nq28vjnx5t9d
2026-04-01 09:54:21.680 [DEBUG] org.hibernate.SQL - alter table if exists roles drop constraint if exists FK97mxvrajhkq19dmvboprimeg1
2026-04-01 09:54:21.681 [DEBUG] org.hibernate.SQL - drop table if exists books cascade
2026-04-01 09:54:21.683 [DEBUG] org.hibernate.SQL - drop table if exists loans cascade
2026-04-01 09:54:21.683 [DEBUG] org.hibernate.SQL - drop table if exists roles cascade
2026-04-01 09:54:21.684 [DEBUG] org.hibernate.SQL - drop table if exists users cascade
2026-04-01 09:54:21.694 [DEBUG] org.hibernate.SQL - create table books (is_available boolean, book_id bigint not null, author VARCHAR(300), title VARCHAR(300), primary key (book_id))
2026-04-01 09:54:21.708 [DEBUG] org.hibernate.SQL - create table loans (is_active boolean, book_id bigint, loan_id bigint generated by default as identity, user_id bigint, primary key (loan_id))
2026-04-01 09:54:21.719 [DEBUG] org.hibernate.SQL - create table roles (id bigint generated by default as identity, user_id bigint, role varchar(255), primary key (id))
2026-04-01 09:54:21.729 [DEBUG] org.hibernate.SQL - create table users (enabled boolean, user_id bigint generated by default as identity, name varchar(200) not null, password varchar(255) not null, primary key (user_id))
2026-04-01 09:54:21.740 [DEBUG] org.hibernate.SQL - alter table if exists loans add constraint FKokwvlrv6o4i4h3le3bwhe6kie foreign key (book_id) references books
2026-04-01 09:54:21.745 [DEBUG] org.hibernate.SQL - alter table if exists loans add constraint FK6xxlcjc0rqtn5nq28vjnx5t9d foreign key (user_id) references users
2026-04-01 09:54:21.748 [DEBUG] org.hibernate.SQL - alter table if exists roles add constraint FK97mxvrajhkq19dmvboprimeg1 foreign key (user_id) references users
2026-04-01 09:54:22.873 [INFO] m9.project.Library - Started Library in 3.987 seconds (process running for 4.742)
2026-04-01 09:54:22.971 [DEBUG] org.hibernate.SQL - insert into users (enabled,name,password) values (?,?,?)
2026-04-01 09:54:23.070 [DEBUG] org.hibernate.SQL - insert into users (enabled,name,password) values (?,?,?)
2026-04-01 09:54:23.073 [DEBUG] org.hibernate.SQL - insert into roles (role,user_id) values (?,?)
2026-04-01 09:54:23.077 [DEBUG] org.hibernate.SQL - insert into roles (role,user_id) values (?,?)
2026-04-01 09:55:27.143 [DEBUG] org.hibernate.SQL - set client_min_messages = WARNING
2026-04-01 09:55:27.145 [DEBUG] org.hibernate.SQL - alter table if exists loans drop constraint if exists FKokwvlrv6o4i4h3le3bwhe6kie
2026-04-01 09:55:27.150 [DEBUG] org.hibernate.SQL - alter table if exists loans drop constraint if exists FK6xxlcjc0rqtn5nq28vjnx5t9d
2026-04-01 09:55:27.153 [DEBUG] org.hibernate.SQL - alter table if exists roles drop constraint if exists FK97mxvrajhkq19dmvboprimeg1
2026-04-01 09:55:27.156 [DEBUG] org.hibernate.SQL - drop table if exists books cascade
2026-04-01 09:55:27.162 [DEBUG] org.hibernate.SQL - drop table if exists loans cascade
2026-04-01 09:55:27.166 [DEBUG] org.hibernate.SQL - drop table if exists roles cascade
2026-04-01 09:55:27.174 [DEBUG] org.hibernate.SQL - drop table if exists users cascade
2026-04-01 10:31:00.849 [INFO] m9.project.Library - Starting Library using Java 17.0.14 with PID 27836 (C:\Users\jiasanchez\Documents\Java\Git\PortableGit\M9_Project1\target\classes started by jiasanchez in C:\Users\jiasanchez\Documents\Java\Git\PortableGit\M9_Project1)
2026-04-01 10:31:00.852 [DEBUG] m9.project.Library - Running with Spring Boot v4.0.2, Spring v7.0.3
2026-04-01 10:31:00.853 [INFO] m9.project.Library - No active profile set, falling back to 1 default profile: "default"
2026-04-01 10:31:03.288 [DEBUG] org.hibernate.SQL - set client_min_messages = WARNING
2026-04-01 10:31:03.289 [DEBUG] org.hibernate.SQL - alter table if exists loans drop constraint if exists FKokwvlrv6o4i4h3le3bwhe6kie
2026-04-01 10:31:03.290 [DEBUG] org.hibernate.SQL - alter table if exists loans drop constraint if exists FK6xxlcjc0rqtn5nq28vjnx5t9d
2026-04-01 10:31:03.290 [DEBUG] org.hibernate.SQL - alter table if exists roles drop constraint if exists FK97mxvrajhkq19dmvboprimeg1
2026-04-01 10:31:03.291 [DEBUG] org.hibernate.SQL - drop table if exists books cascade
2026-04-01 10:31:03.292 [DEBUG] org.hibernate.SQL - drop table if exists loans cascade
2026-04-01 10:31:03.292 [DEBUG] org.hibernate.SQL - drop table if exists roles cascade
2026-04-01 10:31:03.292 [DEBUG] org.hibernate.SQL - drop table if exists users cascade
2026-04-01 10:31:03.298 [DEBUG] org.hibernate.SQL - create table books (is_available boolean, book_id bigint not null, author VARCHAR(300), title VARCHAR(300), primary key (book_id))
2026-04-01 10:31:03.309 [DEBUG] org.hibernate.SQL - create table loans (is_active boolean, book_id bigint, loan_id bigint generated by default as identity, user_id bigint, primary key (loan_id))
2026-04-01 10:31:03.315 [DEBUG] org.hibernate.SQL - create table roles (id bigint generated by default as identity, user_id bigint, role varchar(255), primary key (id))
2026-04-01 10:31:03.326 [DEBUG] org.hibernate.SQL - create table users (enabled boolean, user_id bigint generated by default as identity, name varchar(200) not null, password varchar(255) not null, primary key (user_id))
2026-04-01 10:31:03.332 [DEBUG] org.hibernate.SQL - alter table if exists loans add constraint FKokwvlrv6o4i4h3le3bwhe6kie foreign key (book_id) references books
2026-04-01 10:31:03.337 [DEBUG] org.hibernate.SQL - alter table if exists loans add constraint FK6xxlcjc0rqtn5nq28vjnx5t9d foreign key (user_id) references users
2026-04-01 10:31:03.340 [DEBUG] org.hibernate.SQL - alter table if exists roles add constraint FK97mxvrajhkq19dmvboprimeg1 foreign key (user_id) references users
2026-04-01 10:31:04.394 [INFO] m9.project.Library - Started Library in 3.83 seconds (process running for 4.539)
2026-04-01 10:31:04.488 [DEBUG] org.hibernate.SQL - insert into users (enabled,name,password) values (?,?,?)
2026-04-01 10:31:04.580 [DEBUG] org.hibernate.SQL - insert into users (enabled,name,password) values (?,?,?)
2026-04-01 10:31:04.583 [DEBUG] org.hibernate.SQL - insert into roles (role,user_id) values (?,?)
2026-04-01 10:31:04.587 [DEBUG] org.hibernate.SQL - insert into roles (role,user_id) values (?,?)
2026-04-01 10:31:13.787 [DEBUG] org.hibernate.SQL - select u1_0.user_id,u1_0.enabled,u1_0.name,u1_0.password from users u1_0 where u1_0.name=?
2026-04-01 10:31:13.812 [DEBUG] org.hibernate.SQL - select r1_0.role from roles r1_0 where r1_0.user_id=?
2026-04-01 10:31:23.129 [DEBUG] org.hibernate.SQL - select u1_0.user_id,u1_0.enabled,u1_0.name,u1_0.password from users u1_0 where u1_0.name=?
2026-04-01 10:31:23.130 [DEBUG] org.hibernate.SQL - select r1_0.role from roles r1_0 where r1_0.user_id=?
2026-04-01 10:31:23.346 [DEBUG] org.hibernate.SQL - select b1_0.book_id,b1_0.author,b1_0.is_available,l1_0.loan_id,l1_0.is_active,u1_0.user_id,u1_0.enabled,u1_0.name,u1_0.password,b1_0.title from books b1_0 left join loans l1_0 on b1_0.book_id=l1_0.book_id left join users u1_0 on u1_0.user_id=l1_0.user_id where b1_0.book_id=?
2026-04-01 10:31:23.352 [DEBUG] org.hibernate.SQL - select u1_0.user_id,u1_0.enabled,u1_0.name,u1_0.password from users u1_0 where u1_0.user_id=?
2026-04-01 10:31:23.361 [DEBUG] org.hibernate.SQL - insert into loans (book_id,is_active,user_id) values (?,?,?)
2026-04-01 10:31:23.364 [INFO] m9.project.service.LoanService - dev1 succesfully borrowed Book ID {}15
2026-04-01 10:31:23.370 [DEBUG] org.hibernate.SQL - update books set author=?,is_available=?,title=? where book_id=?
2026-04-01 10:31:53.806 [DEBUG] org.hibernate.SQL - select u1_0.user_id,u1_0.enabled,u1_0.name,u1_0.password from users u1_0 where u1_0.name=?
2026-04-01 10:31:53.808 [DEBUG] org.hibernate.SQL - select r1_0.role from roles r1_0 where r1_0.user_id=?
2026-04-01 10:31:53.900 [DEBUG] org.hibernate.SQL - select b1_0.book_id,b1_0.author,b1_0.is_available,l1_0.loan_id,l1_0.is_active,u1_0.user_id,u1_0.enabled,u1_0.name,u1_0.password,b1_0.title from books b1_0 left join loans l1_0 on b1_0.book_id=l1_0.book_id left join users u1_0 on u1_0.user_id=l1_0.user_id where b1_0.book_id=?
2026-04-01 10:31:53.902 [INFO] m9.project.service.LoanService - Book ID {} is already borrowed.15
2026-04-01 10:32:17.647 [DEBUG] org.hibernate.SQL - select u1_0.user_id,u1_0.enabled,u1_0.name,u1_0.password from users u1_0 where u1_0.name=?
2026-04-01 10:32:17.649 [DEBUG] org.hibernate.SQL - select r1_0.role from roles r1_0 where r1_0.user_id=?
2026-04-01 10:32:17.737 [DEBUG] org.hibernate.SQL - select b1_0.book_id,b1_0.author,b1_0.is_available,l1_0.loan_id,l1_0.is_active,u1_0.user_id,u1_0.enabled,u1_0.name,u1_0.password,b1_0.title from books b1_0 left join loans l1_0 on b1_0.book_id=l1_0.book_id left join users u1_0 on u1_0.user_id=l1_0.user_id where b1_0.book_id=?
2026-04-01 10:32:17.739 [INFO] m9.project.service.LoanService - Book ID {} is already borrowed.15
2026-04-01 10:32:29.918 [DEBUG] org.hibernate.SQL - set client_min_messages = WARNING
2026-04-01 10:32:29.919 [DEBUG] org.hibernate.SQL - alter table if exists loans drop constraint if exists FKokwvlrv6o4i4h3le3bwhe6kie
2026-04-01 10:32:29.924 [DEBUG] org.hibernate.SQL - alter table if exists loans drop constraint if exists FK6xxlcjc0rqtn5nq28vjnx5t9d
2026-04-01 10:32:29.926 [DEBUG] org.hibernate.SQL - alter table if exists roles drop constraint if exists FK97mxvrajhkq19dmvboprimeg1
2026-04-01 10:32:29.929 [DEBUG] org.hibernate.SQL - drop table if exists books cascade
2026-04-01 10:32:29.935 [DEBUG] org.hibernate.SQL - drop table if exists loans cascade
2026-04-01 10:32:29.942 [DEBUG] org.hibernate.SQL - drop table if exists roles cascade
2026-04-01 10:32:29.950 [DEBUG] org.hibernate.SQL - drop table if exists users cascade
2026-04-01 10:32:44.411 [INFO] m9.project.Library - Starting Library using Java 17.0.14 with PID 25336 (C:\Users\jiasanchez\Documents\Java\Git\PortableGit\M9_Project1\target\classes started by jiasanchez in C:\Users\jiasanchez\Documents\Java\Git\PortableGit\M9_Project1)
2026-04-01 10:32:44.414 [DEBUG] m9.project.Library - Running with Spring Boot v4.0.2, Spring v7.0.3
2026-04-01 10:32:44.415 [INFO] m9.project.Library - No active profile set, falling back to 1 default profile: "default"
2026-04-01 10:32:46.851 [DEBUG] org.hibernate.SQL - set client_min_messages = WARNING
2026-04-01 10:32:46.852 [DEBUG] org.hibernate.SQL - alter table if exists loans drop constraint if exists FKokwvlrv6o4i4h3le3bwhe6kie
2026-04-01 10:32:46.853 [DEBUG] org.hibernate.SQL - alter table if exists loans drop constraint if exists FK6xxlcjc0rqtn5nq28vjnx5t9d
2026-04-01 10:32:46.854 [DEBUG] org.hibernate.SQL - alter table if exists roles drop constraint if exists FK97mxvrajhkq19dmvboprimeg1
2026-04-01 10:32:46.854 [DEBUG] org.hibernate.SQL - drop table if exists books cascade
2026-04-01 10:32:46.855 [DEBUG] org.hibernate.SQL - drop table if exists loans cascade
2026-04-01 10:32:46.855 [DEBUG] org.hibernate.SQL - drop table if exists roles cascade
2026-04-01 10:32:46.856 [DEBUG] org.hibernate.SQL - drop table if exists users cascade
2026-04-01 10:32:46.860 [DEBUG] org.hibernate.SQL - create table books (is_available boolean, book_id bigint not null, author VARCHAR(300), title VARCHAR(300), primary key (book_id))
2026-04-01 10:32:46.869 [DEBUG] org.hibernate.SQL - create table loans (is_active boolean, book_id bigint, loan_id bigint generated by default as identity, user_id bigint, primary key (loan_id))
2026-04-01 10:32:46.875 [DEBUG] org.hibernate.SQL - create table roles (id bigint generated by default as identity, user_id bigint, role varchar(255), primary key (id))
2026-04-01 10:32:46.881 [DEBUG] org.hibernate.SQL - create table users (enabled boolean, user_id bigint generated by default as identity, name varchar(200) not null, password varchar(255) not null, primary key (user_id))
2026-04-01 10:32:46.888 [DEBUG] org.hibernate.SQL - alter table if exists loans add constraint FKokwvlrv6o4i4h3le3bwhe6kie foreign key (book_id) references books
2026-04-01 10:32:46.892 [DEBUG] org.hibernate.SQL - alter table if exists loans add constraint FK6xxlcjc0rqtn5nq28vjnx5t9d foreign key (user_id) references users
2026-04-01 10:32:46.895 [DEBUG] org.hibernate.SQL - alter table if exists roles add constraint FK97mxvrajhkq19dmvboprimeg1 foreign key (user_id) references users
2026-04-01 10:32:47.985 [INFO] m9.project.Library - Started Library in 3.933 seconds (process running for 4.666)
2026-04-01 10:32:48.081 [DEBUG] org.hibernate.SQL - insert into users (enabled,name,password) values (?,?,?)
2026-04-01 10:32:48.174 [DEBUG] org.hibernate.SQL - insert into users (enabled,name,password) values (?,?,?)
2026-04-01 10:32:48.179 [DEBUG] org.hibernate.SQL - insert into roles (role,user_id) values (?,?)
2026-04-01 10:32:48.183 [DEBUG] org.hibernate.SQL - insert into roles (role,user_id) values (?,?)
2026-04-01 10:32:51.640 [DEBUG] org.hibernate.SQL - select u1_0.user_id,u1_0.enabled,u1_0.name,u1_0.password from users u1_0 where u1_0.name=?
2026-04-01 10:32:51.664 [DEBUG] org.hibernate.SQL - select r1_0.role from roles r1_0 where r1_0.user_id=?
2026-04-01 10:32:51.933 [DEBUG] org.hibernate.SQL - select b1_0.book_id,b1_0.author,b1_0.is_available,l1_0.loan_id,l1_0.is_active,u1_0.user_id,u1_0.enabled,u1_0.name,u1_0.password,b1_0.title from books b1_0 left join loans l1_0 on b1_0.book_id=l1_0.book_id left join users u1_0 on u1_0.user_id=l1_0.user_id where b1_0.book_id=?
2026-04-01 10:32:51.939 [DEBUG] org.hibernate.SQL - select u1_0.user_id,u1_0.enabled,u1_0.name,u1_0.password from users u1_0 where u1_0.user_id=?
2026-04-01 10:32:51.945 [DEBUG] org.hibernate.SQL - insert into loans (book_id,is_active,user_id) values (?,?,?)
2026-04-01 10:32:51.948 [INFO] m9.project.service.LoanService - dev1 succesfully borrowed Book ID {}15
2026-04-01 10:32:51.956 [DEBUG] org.hibernate.SQL - update books set author=?,is_available=?,title=? where book_id=?
2026-04-01 10:32:53.149 [DEBUG] org.hibernate.SQL - select u1_0.user_id,u1_0.enabled,u1_0.name,u1_0.password from users u1_0 where u1_0.name=?
2026-04-01 10:32:53.153 [DEBUG] org.hibernate.SQL - select r1_0.role from roles r1_0 where r1_0.user_id=?
2026-04-01 10:32:53.320 [DEBUG] org.hibernate.SQL - select b1_0.book_id,b1_0.author,b1_0.is_available,l1_0.loan_id,l1_0.is_active,u1_0.user_id,u1_0.enabled,u1_0.name,u1_0.password,b1_0.title from books b1_0 left join loans l1_0 on b1_0.book_id=l1_0.book_id left join users u1_0 on u1_0.user_id=l1_0.user_id where b1_0.book_id=?
2026-04-01 10:32:58.706 [DEBUG] org.hibernate.SQL - select u1_0.user_id,u1_0.enabled,u1_0.name,u1_0.password from users u1_0 where u1_0.name=?
2026-04-01 10:32:58.708 [DEBUG] org.hibernate.SQL - select r1_0.role from roles r1_0 where r1_0.user_id=?
2026-04-01 10:32:58.798 [DEBUG] org.hibernate.SQL - select b1_0.book_id,b1_0.author,b1_0.is_available,l1_0.loan_id,l1_0.is_active,u1_0.user_id,u1_0.enabled,u1_0.name,u1_0.password,b1_0.title from books b1_0 left join loans l1_0 on b1_0.book_id=l1_0.book_id left join users u1_0 on u1_0.user_id=l1_0.user_id where b1_0.book_id=?
2026-04-01 10:34:32.186 [DEBUG] org.hibernate.SQL - set client_min_messages = WARNING
2026-04-01 10:34:32.187 [DEBUG] org.hibernate.SQL - alter table if exists loans drop constraint if exists FKokwvlrv6o4i4h3le3bwhe6kie
2026-04-01 10:34:32.194 [DEBUG] org.hibernate.SQL - alter table if exists loans drop constraint if exists FK6xxlcjc0rqtn5nq28vjnx5t9d
2026-04-01 10:34:32.197 [DEBUG] org.hibernate.SQL - alter table if exists roles drop constraint if exists FK97mxvrajhkq19dmvboprimeg1
2026-04-01 10:34:32.200 [DEBUG] org.hibernate.SQL - drop table if exists books cascade
2026-04-01 10:34:32.208 [DEBUG] org.hibernate.SQL - drop table if exists loans cascade
2026-04-01 10:34:32.216 [DEBUG] org.hibernate.SQL - drop table if exists roles cascade
2026-04-01 10:34:32.223 [DEBUG] org.hibernate.SQL - drop table if exists users cascade
2026-04-01 10:35:17.201 [INFO] m9.project.Library - Starting Library using Java 17.0.14 with PID 33644 (C:\Users\jiasanchez\Documents\Java\Git\PortableGit\M9_Project1\target\classes started by jiasanchez in C:\Users\jiasanchez\Documents\Java\Git\PortableGit\M9_Project1)
2026-04-01 10:35:17.203 [DEBUG] m9.project.Library - Running with Spring Boot v4.0.2, Spring v7.0.3
2026-04-01 10:35:17.203 [INFO] m9.project.Library - No active profile set, falling back to 1 default profile: "default"
2026-04-01 10:35:20.196 [DEBUG] org.hibernate.SQL - set client_min_messages = WARNING
2026-04-01 10:35:20.198 [DEBUG] org.hibernate.SQL - alter table if exists loans drop constraint if exists FKokwvlrv6o4i4h3le3bwhe6kie
2026-04-01 10:35:20.199 [DEBUG] org.hibernate.SQL - alter table if exists loans drop constraint if exists FK6xxlcjc0rqtn5nq28vjnx5t9d
2026-04-01 10:35:20.199 [DEBUG] org.hibernate.SQL - alter table if exists roles drop constraint if exists FK97mxvrajhkq19dmvboprimeg1
2026-04-01 10:35:20.200 [DEBUG] org.hibernate.SQL - drop table if exists books cascade
2026-04-01 10:35:20.201 [DEBUG] org.hibernate.SQL - drop table if exists loans cascade
2026-04-01 10:35:20.202 [DEBUG] org.hibernate.SQL - drop table if exists roles cascade
2026-04-01 10:35:20.202 [DEBUG] org.hibernate.SQL - drop table if exists users cascade
2026-04-01 10:35:20.208 [DEBUG] org.hibernate.SQL - create table books (is_available boolean, book_id bigint not null, author VARCHAR(300), title VARCHAR(300), primary key (book_id))
2026-04-01 10:35:20.216 [DEBUG] org.hibernate.SQL - create table loans (is_active boolean, book_id bigint, loan_id bigint generated by default as identity, user_id bigint, primary key (loan_id))
2026-04-01 10:35:20.221 [DEBUG] org.hibernate.SQL - create table roles (id bigint generated by default as identity, user_id bigint, role varchar(255), primary key (id))
2026-04-01 10:35:20.227 [DEBUG] org.hibernate.SQL - create table users (enabled boolean, user_id bigint generated by default as identity, name varchar(200) not null, password varchar(255) not null, primary key (user_id))
2026-04-01 10:35:20.234 [DEBUG] org.hibernate.SQL - alter table if exists loans add constraint FKokwvlrv6o4i4h3le3bwhe6kie foreign key (book_id) references books
2026-04-01 10:35:20.238 [DEBUG] org.hibernate.SQL - alter table if exists loans add constraint FK6xxlcjc0rqtn5nq28vjnx5t9d foreign key (user_id) references users
2026-04-01 10:35:20.240 [DEBUG] org.hibernate.SQL - alter table if exists roles add constraint FK97mxvrajhkq19dmvboprimeg1 foreign key (user_id) references users
2026-04-01 10:35:21.430 [INFO] m9.project.Library - Started Library in 4.58 seconds (process running for 5.331)
2026-04-01 10:35:21.564 [DEBUG] org.hibernate.SQL - insert into users (enabled,name,password) values (?,?,?)
2026-04-01 10:35:21.684 [DEBUG] org.hibernate.SQL - insert into users (enabled,name,password) values (?,?,?)
2026-04-01 10:35:21.689 [DEBUG] org.hibernate.SQL - insert into roles (role,user_id) values (?,?)
2026-04-01 10:35:21.694 [DEBUG] org.hibernate.SQL - insert into roles (role,user_id) values (?,?)
2026-04-01 10:35:23.845 [DEBUG] org.hibernate.SQL - select u1_0.user_id,u1_0.enabled,u1_0.name,u1_0.password from users u1_0 where u1_0.name=?
2026-04-01 10:35:23.873 [DEBUG] org.hibernate.SQL - select r1_0.role from roles r1_0 where r1_0.user_id=?
2026-04-01 10:35:24.204 [DEBUG] org.hibernate.SQL - select b1_0.book_id,b1_0.author,b1_0.is_available,l1_0.loan_id,l1_0.is_active,u1_0.user_id,u1_0.enabled,u1_0.name,u1_0.password,b1_0.title from books b1_0 left join loans l1_0 on b1_0.book_id=l1_0.book_id left join users u1_0 on u1_0.user_id=l1_0.user_id where b1_0.book_id=?
2026-04-01 10:35:24.210 [DEBUG] org.hibernate.SQL - select u1_0.user_id,u1_0.enabled,u1_0.name,u1_0.password from users u1_0 where u1_0.user_id=?
2026-04-01 10:35:24.215 [DEBUG] org.hibernate.SQL - insert into loans (book_id,is_active,user_id) values (?,?,?)
2026-04-01 10:35:24.218 [INFO] m9.project.service.LoanService - dev1 succesfully borrowed Book ID {}15
2026-04-01 10:35:24.227 [DEBUG] org.hibernate.SQL - update books set author=?,is_available=?,title=? where book_id=?
2026-04-01 10:35:33.895 [DEBUG] org.hibernate.SQL - select u1_0.user_id,u1_0.enabled,u1_0.name,u1_0.password from users u1_0 where u1_0.name=?
2026-04-01 10:35:33.897 [DEBUG] org.hibernate.SQL - select r1_0.role from roles r1_0 where r1_0.user_id=?
2026-04-01 10:35:33.987 [DEBUG] org.hibernate.SQL - select b1_0.book_id,b1_0.author,b1_0.is_available,l1_0.loan_id,l1_0.is_active,u1_0.user_id,u1_0.enabled,u1_0.name,u1_0.password,b1_0.title from books b1_0 left join loans l1_0 on b1_0.book_id=l1_0.book_id left join users u1_0 on u1_0.user_id=l1_0.user_id where b1_0.book_id=?
2026-04-01 10:36:15.694 [DEBUG] org.hibernate.SQL - set client_min_messages = WARNING
2026-04-01 10:36:15.695 [DEBUG] org.hibernate.SQL - alter table if exists loans drop constraint if exists FKokwvlrv6o4i4h3le3bwhe6kie
2026-04-01 10:36:15.699 [DEBUG] org.hibernate.SQL - alter table if exists loans drop constraint if exists FK6xxlcjc0rqtn5nq28vjnx5t9d
2026-04-01 10:36:15.702 [DEBUG] org.hibernate.SQL - alter table if exists roles drop constraint if exists FK97mxvrajhkq19dmvboprimeg1
2026-04-01 10:36:15.704 [DEBUG] org.hibernate.SQL - drop table if exists books cascade
2026-04-01 10:36:15.711 [DEBUG] org.hibernate.SQL - drop table if exists loans cascade
2026-04-01 10:36:15.716 [DEBUG] org.hibernate.SQL - drop table if exists roles cascade
2026-04-01 10:36:15.723 [DEBUG] org.hibernate.SQL - drop table if exists users cascade
2026-04-01 10:36:33.887 [INFO] m9.project.Library - Starting Library using Java 17.0.14 with PID 21728 (C:\Users\jiasanchez\Documents\Java\Git\PortableGit\M9_Project1\target\classes started by jiasanchez in C:\Users\jiasanchez\Documents\Java\Git\PortableGit\M9_Project1)
2026-04-01 10:36:33.890 [DEBUG] m9.project.Library - Running with Spring Boot v4.0.2, Spring v7.0.3
2026-04-01 10:36:33.891 [INFO] m9.project.Library - No active profile set, falling back to 1 default profile: "default"
2026-04-01 10:36:36.463 [DEBUG] org.hibernate.SQL - set client_min_messages = WARNING
2026-04-01 10:36:36.464 [DEBUG] org.hibernate.SQL - alter table if exists loans drop constraint if exists FKokwvlrv6o4i4h3le3bwhe6kie
2026-04-01 10:36:36.465 [DEBUG] org.hibernate.SQL - alter table if exists loans drop constraint if exists FK6xxlcjc0rqtn5nq28vjnx5t9d
2026-04-01 10:36:36.466 [DEBUG] org.hibernate.SQL - alter table if exists roles drop constraint if exists FK97mxvrajhkq19dmvboprimeg1
2026-04-01 10:36:36.466 [DEBUG] org.hibernate.SQL - drop table if exists books cascade
2026-04-01 10:36:36.467 [DEBUG] org.hibernate.SQL - drop table if exists loans cascade
2026-04-01 10:36:36.467 [DEBUG] org.hibernate.SQL - drop table if exists roles cascade
2026-04-01 10:36:36.468 [DEBUG] org.hibernate.SQL - drop table if exists users cascade
2026-04-01 10:36:36.473 [DEBUG] org.hibernate.SQL - create table books (is_available boolean, book_id bigint not null, author VARCHAR(300), title VARCHAR(300), primary key (book_id))
2026-04-01 10:36:36.481 [DEBUG] org.hibernate.SQL - create table loans (is_active boolean, book_id bigint, loan_id bigint generated by default as identity, user_id bigint, primary key (loan_id))
2026-04-01 10:36:36.486 [DEBUG] org.hibernate.SQL - create table roles (id bigint generated by default as identity, user_id bigint, role varchar(255), primary key (id))
2026-04-01 10:36:36.492 [DEBUG] org.hibernate.SQL - create table users (enabled boolean, user_id bigint generated by default as identity, name varchar(200) not null, password varchar(255) not null, primary key (user_id))
2026-04-01 10:36:36.496 [DEBUG] org.hibernate.SQL - alter table if exists loans add constraint FKokwvlrv6o4i4h3le3bwhe6kie foreign key (book_id) references books
2026-04-01 10:36:36.500 [DEBUG] org.hibernate.SQL - alter table if exists loans add constraint FK6xxlcjc0rqtn5nq28vjnx5t9d foreign key (user_id) references users
2026-04-01 10:36:36.501 [DEBUG] org.hibernate.SQL - alter table if exists roles add constraint FK97mxvrajhkq19dmvboprimeg1 foreign key (user_id) references users
2026-04-01 10:36:37.592 [INFO] m9.project.Library - Started Library in 4.006 seconds (process running for 4.782)
2026-04-01 10:36:37.689 [DEBUG] org.hibernate.SQL - insert into users (enabled,name,password) values (?,?,?)
2026-04-01 10:36:37.781 [DEBUG] org.hibernate.SQL - insert into users (enabled,name,password) values (?,?,?)
2026-04-01 10:36:37.785 [DEBUG] org.hibernate.SQL - insert into roles (role,user_id) values (?,?)
2026-04-01 10:36:37.788 [DEBUG] org.hibernate.SQL - insert into roles (role,user_id) values (?,?)
2026-04-01 10:36:44.510 [DEBUG] org.hibernate.SQL - select u1_0.user_id,u1_0.enabled,u1_0.name,u1_0.password from users u1_0 where u1_0.name=?
2026-04-01 10:36:44.537 [DEBUG] org.hibernate.SQL - select r1_0.role from roles r1_0 where r1_0.user_id=?
2026-04-01 10:36:44.808 [DEBUG] org.hibernate.SQL - select b1_0.book_id,b1_0.author,b1_0.is_available,l1_0.loan_id,l1_0.is_active,u1_0.user_id,u1_0.enabled,u1_0.name,u1_0.password,b1_0.title from books b1_0 left join loans l1_0 on b1_0.book_id=l1_0.book_id left join users u1_0 on u1_0.user_id=l1_0.user_id where b1_0.book_id=?
2026-04-01 10:36:44.814 [DEBUG] org.hibernate.SQL - select u1_0.user_id,u1_0.enabled,u1_0.name,u1_0.password from users u1_0 where u1_0.user_id=?
2026-04-01 10:36:44.820 [DEBUG] org.hibernate.SQL - insert into loans (book_id,is_active,user_id) values (?,?,?)
2026-04-01 10:36:44.824 [INFO] m9.project.service.LoanService - dev1 succesfully borrowed Book ID {}15
2026-04-01 10:36:44.849 [DEBUG] org.hibernate.SQL - update books set author=?,is_available=?,title=? where book_id=?
2026-04-01 10:36:54.089 [DEBUG] org.hibernate.SQL - select u1_0.user_id,u1_0.enabled,u1_0.name,u1_0.password from users u1_0 where u1_0.name=?
2026-04-01 10:36:54.092 [DEBUG] org.hibernate.SQL - select r1_0.role from roles r1_0 where r1_0.user_id=?
2026-04-01 10:36:54.212 [DEBUG] org.hibernate.SQL - select b1_0.book_id,b1_0.author,b1_0.is_available,l1_0.loan_id,l1_0.is_active,u1_0.user_id,u1_0.enabled,u1_0.name,u1_0.password,b1_0.title from books b1_0 left join loans l1_0 on b1_0.book_id=l1_0.book_id left join users u1_0 on u1_0.user_id=l1_0.user_id where b1_0.book_id=?
2026-04-01 10:39:58.320 [DEBUG] org.hibernate.SQL - set client_min_messages = WARNING
2026-04-01 10:39:58.321 [DEBUG] org.hibernate.SQL - alter table if exists loans drop constraint if exists FKokwvlrv6o4i4h3le3bwhe6kie
2026-04-01 10:39:58.329 [DEBUG] org.hibernate.SQL - alter table if exists loans drop constraint if exists FK6xxlcjc0rqtn5nq28vjnx5t9d
2026-04-01 10:39:58.332 [DEBUG] org.hibernate.SQL - alter table if exists roles drop constraint if exists FK97mxvrajhkq19dmvboprimeg1
2026-04-01 10:39:58.334 [DEBUG] org.hibernate.SQL - drop table if exists books cascade
2026-04-01 10:39:58.341 [DEBUG] org.hibernate.SQL - drop table if exists loans cascade
2026-04-01 10:39:58.349 [DEBUG] org.hibernate.SQL - drop table if exists roles cascade
2026-04-01 10:39:58.356 [DEBUG] org.hibernate.SQL - drop table if exists users cascade
