2026-04-07 20:37:30.870 [INFO] m9.project.Library - Starting Library using Java 17.0.14 with PID 24740 (C:\Users\jiasanchez\Documents\Java\Git\PortableGit\M9_Project1\target\classes started by jiasanchez in C:\Users\jiasanchez\Documents\Java\Git\PortableGit\M9_Project1)
2026-04-07 20:37:30.924 [DEBUG] m9.project.Library - Running with Spring Boot v4.0.2, Spring v7.0.3
2026-04-07 20:37:30.926 [INFO] m9.project.Library - No active profile set, falling back to 1 default profile: "default"
2026-04-07 20:37:34.272 [DEBUG] org.hibernate.SQL - set client_min_messages = WARNING
2026-04-07 20:37:34.274 [DEBUG] org.hibernate.SQL - alter table if exists loans drop constraint if exists FKokwvlrv6o4i4h3le3bwhe6kie
2026-04-07 20:37:34.282 [DEBUG] org.hibernate.SQL - alter table if exists loans drop constraint if exists FK6xxlcjc0rqtn5nq28vjnx5t9d
2026-04-07 20:37:34.283 [DEBUG] org.hibernate.SQL - alter table if exists roles drop constraint if exists FK97mxvrajhkq19dmvboprimeg1
2026-04-07 20:37:34.284 [DEBUG] org.hibernate.SQL - drop table if exists books cascade
2026-04-07 20:37:34.285 [DEBUG] org.hibernate.SQL - drop table if exists loans cascade
2026-04-07 20:37:34.286 [DEBUG] org.hibernate.SQL - drop table if exists roles cascade
2026-04-07 20:37:34.286 [DEBUG] org.hibernate.SQL - drop table if exists users cascade
2026-04-07 20:37:34.299 [DEBUG] org.hibernate.SQL - create table books (is_available boolean, book_id bigint not null, author VARCHAR(300), title VARCHAR(300), primary key (book_id))
2026-04-07 20:37:34.329 [DEBUG] org.hibernate.SQL - create table loans (is_active boolean, book_id bigint, loan_id bigint generated by default as identity, user_id bigint, primary key (loan_id))
2026-04-07 20:37:34.342 [DEBUG] org.hibernate.SQL - create table roles (id bigint generated by default as identity, user_id bigint, role varchar(255), primary key (id))
2026-04-07 20:37:34.350 [DEBUG] org.hibernate.SQL - create table users (enabled boolean, user_id bigint generated by default as identity, name varchar(200) not null, password varchar(255) not null, primary key (user_id))
2026-04-07 20:37:34.357 [DEBUG] org.hibernate.SQL - alter table if exists loans add constraint FKokwvlrv6o4i4h3le3bwhe6kie foreign key (book_id) references books
2026-04-07 20:37:34.367 [DEBUG] org.hibernate.SQL - alter table if exists loans add constraint FK6xxlcjc0rqtn5nq28vjnx5t9d foreign key (user_id) references users
2026-04-07 20:37:34.371 [DEBUG] org.hibernate.SQL - alter table if exists roles add constraint FK97mxvrajhkq19dmvboprimeg1 foreign key (user_id) references users
2026-04-07 20:37:36.528 [INFO] m9.project.Library - Started Library in 5.993 seconds (process running for 6.891)
2026-04-07 20:37:36.684 [DEBUG] org.hibernate.SQL - insert into users (enabled,name,password) values (?,?,?)
2026-04-07 20:37:36.842 [DEBUG] org.hibernate.SQL - insert into users (enabled,name,password) values (?,?,?)
2026-04-07 20:37:36.846 [DEBUG] org.hibernate.SQL - insert into roles (role,user_id) values (?,?)
2026-04-07 20:37:36.850 [DEBUG] org.hibernate.SQL - insert into roles (role,user_id) values (?,?)
2026-04-07 20:37:39.329 [DEBUG] org.hibernate.SQL - select u1_0.user_id,u1_0.enabled,u1_0.name,u1_0.password from users u1_0 where u1_0.name=?
2026-04-07 20:37:39.355 [DEBUG] org.hibernate.SQL - select r1_0.role from roles r1_0 where r1_0.user_id=?
2026-04-07 20:37:39.633 [DEBUG] org.hibernate.SQL - select b1_0.book_id,b1_0.author,b1_0.is_available,l1_0.loan_id,l1_0.is_active,u1_0.user_id,u1_0.enabled,u1_0.name,u1_0.password,b1_0.title from books b1_0 left join loans l1_0 on b1_0.book_id=l1_0.book_id left join users u1_0 on u1_0.user_id=l1_0.user_id where b1_0.book_id=?
2026-04-07 20:37:39.640 [DEBUG] org.hibernate.SQL - select u1_0.user_id,u1_0.enabled,u1_0.name,u1_0.password from users u1_0 where u1_0.user_id=?
2026-04-07 20:37:39.646 [DEBUG] org.hibernate.SQL - insert into loans (book_id,is_active,user_id) values (?,?,?)
2026-04-07 20:37:39.650 [INFO] m9.project.service.LoanService - dev1 succesfully borrowed Book ID {}15
2026-04-07 20:37:39.659 [DEBUG] org.hibernate.SQL - update books set author=?,is_available=?,title=? where book_id=?
2026-04-07 20:37:46.244 [DEBUG] org.hibernate.SQL - select u1_0.user_id,u1_0.enabled,u1_0.name,u1_0.password from users u1_0 where u1_0.name=?
2026-04-07 20:37:46.247 [DEBUG] org.hibernate.SQL - select r1_0.role from roles r1_0 where r1_0.user_id=?
2026-04-07 20:37:46.362 [DEBUG] org.hibernate.SQL - select b1_0.book_id,b1_0.author,b1_0.is_available,l1_0.loan_id,l1_0.is_active,u1_0.user_id,u1_0.enabled,u1_0.name,u1_0.password,b1_0.title from books b1_0 left join loans l1_0 on b1_0.book_id=l1_0.book_id left join users u1_0 on u1_0.user_id=l1_0.user_id where b1_0.book_id=?
2026-04-07 20:41:34.516 [DEBUG] org.hibernate.SQL - select u1_0.user_id,u1_0.enabled,u1_0.name,u1_0.password from users u1_0 where u1_0.name=?
2026-04-07 20:41:34.518 [DEBUG] org.hibernate.SQL - select r1_0.role from roles r1_0 where r1_0.user_id=?
2026-04-07 20:41:34.622 [DEBUG] org.hibernate.SQL - select b1_0.book_id,b1_0.author,b1_0.is_available,l1_0.loan_id,l1_0.is_active,u1_0.user_id,u1_0.enabled,u1_0.name,u1_0.password,b1_0.title from books b1_0 left join loans l1_0 on b1_0.book_id=l1_0.book_id left join users u1_0 on u1_0.user_id=l1_0.user_id where b1_0.book_id=?
2026-04-07 21:00:00.832 [DEBUG] org.hibernate.SQL - select u1_0.user_id,u1_0.enabled,u1_0.name,u1_0.password from users u1_0 where u1_0.name=?
2026-04-07 21:00:00.834 [DEBUG] org.hibernate.SQL - select r1_0.role from roles r1_0 where r1_0.user_id=?
2026-04-07 21:00:17.031 [DEBUG] org.hibernate.SQL - select u1_0.user_id,u1_0.enabled,u1_0.name,u1_0.password from users u1_0 where u1_0.name=?
2026-04-07 21:00:17.032 [DEBUG] org.hibernate.SQL - select r1_0.role from roles r1_0 where r1_0.user_id=?
2026-04-07 21:00:17.128 [DEBUG] org.hibernate.SQL - select b1_0.book_id,b1_0.author,b1_0.is_available,l1_0.loan_id,l1_0.is_active,u1_0.user_id,u1_0.enabled,u1_0.name,u1_0.password,b1_0.title from books b1_0 left join loans l1_0 on b1_0.book_id=l1_0.book_id left join users u1_0 on u1_0.user_id=l1_0.user_id where b1_0.book_id=?
2026-04-07 21:00:17.131 [DEBUG] org.hibernate.SQL - update books set author=?,is_available=?,title=? where book_id=?
2026-04-07 21:00:17.134 [INFO] m9.project.service.BookService - Succesfully updated Book. Details: Title: [test1] Author:[ASD]
2026-04-07 21:00:26.601 [DEBUG] org.hibernate.SQL - select u1_0.user_id,u1_0.enabled,u1_0.name,u1_0.password from users u1_0 where u1_0.name=?
2026-04-07 21:00:26.603 [DEBUG] org.hibernate.SQL - select r1_0.role from roles r1_0 where r1_0.user_id=?
2026-04-07 21:00:26.698 [DEBUG] org.hibernate.SQL - select b1_0.book_id,b1_0.author,b1_0.is_available,l1_0.loan_id,l1_0.is_active,u1_0.user_id,u1_0.enabled,u1_0.name,u1_0.password,b1_0.title from books b1_0 left join loans l1_0 on b1_0.book_id=l1_0.book_id left join users u1_0 on u1_0.user_id=l1_0.user_id where b1_0.book_id=?
2026-04-07 21:00:52.447 [DEBUG] org.hibernate.SQL - set client_min_messages = WARNING
2026-04-07 21:00:52.448 [DEBUG] org.hibernate.SQL - alter table if exists loans drop constraint if exists FKokwvlrv6o4i4h3le3bwhe6kie
2026-04-07 21:00:52.456 [DEBUG] org.hibernate.SQL - alter table if exists loans drop constraint if exists FK6xxlcjc0rqtn5nq28vjnx5t9d
2026-04-07 21:00:52.459 [DEBUG] org.hibernate.SQL - alter table if exists roles drop constraint if exists FK97mxvrajhkq19dmvboprimeg1
2026-04-07 21:00:52.463 [DEBUG] org.hibernate.SQL - drop table if exists books cascade
2026-04-07 21:00:52.470 [DEBUG] org.hibernate.SQL - drop table if exists loans cascade
2026-04-07 21:00:52.476 [DEBUG] org.hibernate.SQL - drop table if exists roles cascade
2026-04-07 21:00:52.482 [DEBUG] org.hibernate.SQL - drop table if exists users cascade
2026-04-07 22:37:01.732 [INFO] m9.project.Library - Starting Library using Java 17.0.14 with PID 20868 (C:\Users\jiasanchez\Documents\Java\Git\PortableGit\M9_Project1\target\classes started by jiasanchez in C:\Users\jiasanchez\Documents\Java\Git\PortableGit\M9_Project1)
2026-04-07 22:37:01.736 [DEBUG] m9.project.Library - Running with Spring Boot v4.0.2, Spring v7.0.3
2026-04-07 22:37:01.736 [INFO] m9.project.Library - No active profile set, falling back to 1 default profile: "default"
2026-04-07 22:37:04.758 [DEBUG] org.hibernate.SQL - set client_min_messages = WARNING
2026-04-07 22:37:04.765 [DEBUG] org.hibernate.SQL - alter table if exists loans drop constraint if exists FKokwvlrv6o4i4h3le3bwhe6kie
2026-04-07 22:37:04.767 [DEBUG] org.hibernate.SQL - alter table if exists loans drop constraint if exists FK6xxlcjc0rqtn5nq28vjnx5t9d
2026-04-07 22:37:04.770 [DEBUG] org.hibernate.SQL - alter table if exists roles drop constraint if exists FK97mxvrajhkq19dmvboprimeg1
2026-04-07 22:37:04.772 [DEBUG] org.hibernate.SQL - drop table if exists books cascade
2026-04-07 22:37:04.774 [DEBUG] org.hibernate.SQL - drop table if exists loans cascade
2026-04-07 22:37:04.775 [DEBUG] org.hibernate.SQL - drop table if exists roles cascade
2026-04-07 22:37:04.779 [DEBUG] org.hibernate.SQL - drop table if exists users cascade
2026-04-07 22:37:04.797 [DEBUG] org.hibernate.SQL - create table books (is_available boolean, book_id bigint not null, author VARCHAR(300), title VARCHAR(300), primary key (book_id))
2026-04-07 22:37:04.816 [DEBUG] org.hibernate.SQL - create table loans (is_active boolean, book_id bigint, loan_id bigint generated by default as identity, user_id bigint, primary key (loan_id))
2026-04-07 22:37:04.827 [DEBUG] org.hibernate.SQL - create table roles (id bigint generated by default as identity, user_id bigint, role varchar(255), primary key (id))
2026-04-07 22:37:04.838 [DEBUG] org.hibernate.SQL - create table users (enabled boolean, user_id bigint generated by default as identity, name varchar(200) not null, password varchar(255) not null, primary key (user_id))
2026-04-07 22:37:04.848 [DEBUG] org.hibernate.SQL - alter table if exists loans add constraint FKokwvlrv6o4i4h3le3bwhe6kie foreign key (book_id) references books
2026-04-07 22:37:04.856 [DEBUG] org.hibernate.SQL - alter table if exists loans add constraint FK6xxlcjc0rqtn5nq28vjnx5t9d foreign key (user_id) references users
2026-04-07 22:37:04.858 [DEBUG] org.hibernate.SQL - alter table if exists roles add constraint FK97mxvrajhkq19dmvboprimeg1 foreign key (user_id) references users
2026-04-07 22:37:06.866 [INFO] m9.project.Library - Started Library in 5.484 seconds (process running for 6.311)
2026-04-07 22:37:07.001 [DEBUG] org.hibernate.SQL - insert into users (enabled,name,password) values (?,?,?)
2026-04-07 22:37:07.130 [DEBUG] org.hibernate.SQL - insert into users (enabled,name,password) values (?,?,?)
2026-04-07 22:37:07.135 [DEBUG] org.hibernate.SQL - insert into roles (role,user_id) values (?,?)
2026-04-07 22:37:07.142 [DEBUG] org.hibernate.SQL - insert into roles (role,user_id) values (?,?)
2026-04-07 22:37:11.283 [DEBUG] org.hibernate.SQL - select u1_0.user_id,u1_0.enabled,u1_0.name,u1_0.password from users u1_0 where u1_0.name=?
2026-04-07 22:37:11.309 [DEBUG] org.hibernate.SQL - select r1_0.role from roles r1_0 where r1_0.user_id=?
2026-04-07 22:37:11.608 [DEBUG] org.hibernate.SQL - select b1_0.book_id,b1_0.author,b1_0.is_available,l1_0.loan_id,l1_0.is_active,u1_0.user_id,u1_0.enabled,u1_0.name,u1_0.password,b1_0.title from books b1_0 left join loans l1_0 on b1_0.book_id=l1_0.book_id left join users u1_0 on u1_0.user_id=l1_0.user_id where b1_0.book_id=?
2026-04-07 22:37:11.618 [WARN] m9.project.exception.GlobalExceptionHandler - User admin Resource not found: Book ID not found. | path=/library/update/2391
2026-04-07 22:37:53.661 [DEBUG] org.hibernate.SQL - set client_min_messages = WARNING
2026-04-07 22:37:53.663 [DEBUG] org.hibernate.SQL - alter table if exists loans drop constraint if exists FKokwvlrv6o4i4h3le3bwhe6kie
2026-04-07 22:37:53.670 [DEBUG] org.hibernate.SQL - alter table if exists loans drop constraint if exists FK6xxlcjc0rqtn5nq28vjnx5t9d
2026-04-07 22:37:53.672 [DEBUG] org.hibernate.SQL - alter table if exists roles drop constraint if exists FK97mxvrajhkq19dmvboprimeg1
2026-04-07 22:37:53.677 [DEBUG] org.hibernate.SQL - drop table if exists books cascade
2026-04-07 22:37:53.685 [DEBUG] org.hibernate.SQL - drop table if exists loans cascade
2026-04-07 22:37:53.690 [DEBUG] org.hibernate.SQL - drop table if exists roles cascade
2026-04-07 22:37:53.698 [DEBUG] org.hibernate.SQL - drop table if exists users cascade
